
> zedny-lms@1.0.0 certificates:smoke
> tsx scripts/certificates-smoke-test.ts

≡ƒÜÇ Starting Certificates End-to-End Smoke Tests...

≡ƒôï Setup Phase: Ensuring certificate template exists...

Γ£ô Using existing template: Smoke Test Certificate (d3777fbc-8094-4f98-91e4-702fdf72da98)

≡ƒæñ Learner Test Phase:

Γ£à Login Learner 1
Γ£à Fetch Enrollments - 4 found
Using course: 8f706584-32f2-4434-aae0-f5f075691d61

Assigning template d3777fbc-8094-4f98-91e4-702fdf72da98 to course 8f706584-32f2-4434-aae0-f5f075691d61...
Γ£ô Template assigned successfully
Response: {"success":true,"course":{"id":"8f706584-32f2-4434-aae0-f5f075691d61","title":"TypeScript Mastery","certificateTemplateId":"d3777fbc-8094-4f98-91e4-702fdf72da98"}}

Completing course 8f706584-32f2-4434-aae0-f5f075691d61 as learner...
Complete course status: 200
Complete response: {"success":true,"courseId":"8f706584-32f2-4434-aae0-f5f075691d61","courseTitle":"TypeScript Mastery","completedAt":"2026-01-05T10:49:11.538Z","certificateIssued":true,"certificateId":"e2bb0878-bf31-453b-8af7-9625beabf458"}

Course completed: true
Certificate issued: true
Certificate ID: e2bb0878-bf31-453b-8af7-9625beabf458

Γ£à Complete Course - Certificate ID: e2bb0878-bf31-453b-8af7-9625beabf458
Γ¥î List Certificates - 0 certificates found
Γ¥î Get Certificate Details
Γ¥î Download Certificate
node.exe : Login failed for 
learner2@portal.com: 401 
{"ok":false,"error":"Invalid email or 
password"}
At line:1 char:1
+ & "C:\Program Files\nodejs/node.exe" 
"C:\Program Files\nodejs/node_mo ...
+ ~~~~~~~~~~~~~~~~~~~~~~~~~~~~~~~~~~~~~~~~~
~~~~~~~~~~~~~~~~~~~~~~~~~~~~
    + CategoryInfo          : 
NotSpecified: (Lo    gin failed fo...l or 
password"}:String) [],     RemoteException
    + FullyQualifiedErrorId : 
NativeCommandErro    r
 
Γ¥î Privacy: Certificate Access Check - Skipped (L2 login failed)
Γ£à Admin: Manage Templates - Permission granted

==================================================
Γ¥î SOME TESTS FAILED - 4/8 passed
