src/components/admin/unit-editors/VideoUnitEditor.tsx(25,21): error TS1005: '{' expected.
src/components/admin/unit-editors/VideoUnitEditor.tsx(26,17): error TS1109: Expression expected.
src/components/admin/unit-editors/VideoUnitEditor.tsx(27,17): error TS1109: Expression expected.
src/components/admin/unit-editors/VideoUnitEditor.tsx(28,16): error TS1109: Expression expected.
src/components/admin/unit-editors/VideoUnitEditor.tsx(29,11): error TS1109: Expression expected.
src/components/admin/unit-editors/VideoUnitEditor.tsx(30,19): error TS1005: ',' expected.
src/components/admin/unit-editors/VideoUnitEditor.tsx(31,20): error TS1005: ',' expected.
src/components/admin/unit-editors/VideoUnitEditor.tsx(32,21): error TS1005: ',' expected.
src/components/admin/unit-editors/VideoUnitEditor.tsx(33,21): error TS1005: ',' expected.
src/components/admin/unit-editors/VideoUnitEditor.tsx(34,25): error TS1005: ',' expected.
src/components/admin/unit-editors/VideoUnitEditor.tsx(36,22): error TS1109: Expression expected.
src/components/admin/unit-editors/VideoUnitEditor.tsx(39,23): error TS1109: Expression expected.
src/components/admin/unit-editors/VideoUnitEditor.tsx(40,24): error TS1109: Expression expected.
src/components/admin/unit-editors/VideoUnitEditor.tsx(41,19): error TS1109: Expression expected.
src/components/admin/unit-editors/VideoUnitEditor.tsx(42,25): error TS1005: ',' expected.
src/components/admin/unit-editors/VideoUnitEditor.tsx(43,34): error TS1005: ',' expected.
